[www.rammaheshwari.com/index.html]
[www.rammaheshwari.com/favicon.ico]
[backblue.gif]
[fade.gif]
[index.html]
[i.ibb.co/C8Wnkrt/pretty-snap-2022-3-29-16-11.png]
[www.rammaheshwari.com/css/style.css]
[www.rammaheshwari.com/assets/jpeg/dopefolio.jpg]
[www.rammaheshwari.com/project-1.html]
[www.rammaheshwari.com/assets/jpeg/wilsonport.jpg]
[www.rammaheshwari.com/project-2.html]
[www.rammaheshwari.com/assets/jpeg/boreal-coffee-clone.jpg]
[www.rammaheshwari.com/project-3.html]
[www.rammaheshwari.com/assets/jpeg/crown-template.jpg]
[www.rammaheshwari.com/project-4.html]
[www.rammaheshwari.com/assets/png/linkedin-ico.png]
[www.rammaheshwari.com/assets/png/github-ico.png]
[www.rammaheshwari.com/assets/png/twitter-ico.png]
[www.rammaheshwari.com/assets/png/blog-ico.png]
[www.rammaheshwari.com/assets/png/yt-ico.png]
[www.rammaheshwari.com/index.js]
[www.rammaheshwari.com/index.html]
[www.rammaheshwari.com/css/style.css]
[www.rammaheshwari.com/assets/svg/ham-menu.svg]
[www.rammaheshwari.com/assets/svg/ham-menu-close.svg]
[www.rammaheshwari.com/assets/svg/linkedin-dark.svg]
[www.rammaheshwari.com/assets/svg/twitter-dark.svg]
[www.rammaheshwari.com/assets/svg/yt-dark.svg]
[www.rammaheshwari.com/assets/svg/github-dark.svg]
[www.rammaheshwari.com/assets/svg/book-dark.svg]
[www.rammaheshwari.com/project-1.html]
[www.rammaheshwari.com/project-2.html]
[www.rammaheshwari.com/project-3.html]
[www.rammaheshwari.com/project-4.html]
[www.rammaheshwari.com/assets/svg/common-bg.svg]
[www.rammaheshwari.com/assets/svg/common-bg.svg]
[code.tidio.co_443/hkirvl5pqs5cjjawh11xutnzjgtg9tfi.js]
